// Vitest Snapshot v1, https://vitest.dev/guide/snapshot.html

exports[`the keymap table matches its committed snapshot 1`] = `
"app.settings  global  M|code:Comma  both  shadow  -  -  -  -  notTextInput  settings  menu.settings
branch.new  global  MS|code:KeyN  accelerator  live  -  -  -  -  -  new-branch  menu.new_branch
edit.redoUnsupported  global  MS|code:KeyZ  js  shadow  -  -  -  -  notTextInput  -  legacy.redo_unsupported
edit.undo  global  M|code:KeyZ  js  shadow  -  -  destructive  -  notTextInput  -  vimnav.undo
modal.close  modal  |key:Escape  js  live  -  -  -  -  -  -  vimnav.esc
nav.head  global  MS|code:KeyH  js  shadow  -  -  -  -  notTextInput  -  vimnav.jump_head
nav.uncommitted  global  MS|code:KeyU  js  shadow  -  -  -  -  notTextInput  -  vimnav.jump_uncommitted
palette.slash  global  |key:/  js  shadow  always  toggle  -  -  notTextInputOrSelect,noScrimOpen  -  vimnav.palette
palette.toggle  global  M|code:KeyK MS|code:KeyK  js  shadow  always  toggle  -  allowInTextInput  notInTerminal,noScrimOpen  -  vimnav.palette
pane.detail  global  M|code:Digit3  js  live  -  -  -  allowInTextInput  -  -  vimnav.pane_detail
pane.graph  global  M|code:Digit1  js  live  -  -  -  allowInTextInput  -  -  vimnav.pane_graph
pane.sidebar  global  M|code:Digit2  js  live  -  -  -  allowInTextInput  -  -  vimnav.pane_sidebar
remote.fetch  global  MS|code:KeyD  js  shadow  -  -  -  -  notTextInput  -  vimnav.fetch
remote.pull  global  MS|code:KeyL  js  shadow  -  -  -  -  notTextInput  -  vimnav.pull
remote.push  global  MS|code:KeyP  js  shadow  -  -  destructive  -  notTextInput  -  vimnav.push
repo.open  global  M|code:KeyO  both  shadow  -  -  -  -  notTextInput  open-repo  menu.open_repo
search.code  global  M|code:KeyF  both  shadow  -  -  -  -  repoOpen,notTextInputOrSelect,noScrimOpen  code-search  vimnav.search_code
search.pickaxe  global  MS|code:KeyF  both  shadow  -  -  -  -  repoOpen,notTextInput  pickaxe-search  menu.pickaxe_search
terminal.toggle  global  M|code:Backquote  accelerator  live  -  toggle  -  -  -  open-terminal  menu.open_terminal
view.focusMode  global  M|code:Backslash MS|code:Backslash  js  shadow  -  toggle  -  -  notTextInput  -  vimnav.focus_mode
window.new  global  M|code:KeyN  accelerator  live  -  -  -  -  -  new-window  menu.new_window
"
`;
